empty table passed
table with data passed
up values passed
